// Vitest Snapshot v1, https://vitest.dev/guide/snapshot.html

exports[`Table of content hast check 1`] = `
{
  "children": [
    {
      "children": [
        {
          "children": [
            {
              "children": [
                {
                  "type": "text",
                  "value": "This is a header",
                },
              ],
              "properties": {
                "href": "#this-is-a-header",
              },
              "tagName": "a",
              "type": "element",
            },
            {
              "children": [
                {
                  "children": [
                    {
                      "children": [
                        {
                          "type": "text",
                          "value": "This is a gfm test",
                        },
                      ],
                      "properties": {
                        "href": "#this-is-a-gfm-test",
                      },
                      "tagName": "a",
                      "type": "element",
                    },
                    {
                      "children": [
                        {
                          "children": [
                            {
                              "children": [
                                {
                                  "type": "text",
                                  "value": "This is a test",
                                },
                              ],
                              "properties": {
                                "href": "#this-is-a-test",
                              },
                              "tagName": "a",
                              "type": "element",
                            },
                          ],
                          "properties": {
                            "className": [
                              "toc-level-3",
                            ],
                          },
                          "tagName": "li",
                          "type": "element",
                        },
                      ],
                      "properties": {
                        "className": [
                          "toc",
                        ],
                      },
                      "tagName": "ul",
                      "type": "element",
                    },
                  ],
                  "properties": {
                    "className": [
                      "toc-level-2",
                    ],
                  },
                  "tagName": "li",
                  "type": "element",
                },
                {
                  "children": [
                    {
                      "children": [
                        {
                          "type": "text",
                          "value": "This is a test",
                        },
                      ],
                      "properties": {
                        "href": "#this-is-a-test-1",
                      },
                      "tagName": "a",
                      "type": "element",
                    },
                    {
                      "children": [
                        {
                          "children": [
                            {
                              "children": [
                                {
                                  "type": "text",
                                  "value": "This is a test",
                                },
                              ],
                              "properties": {
                                "href": "#this-is-a-test-2",
                              },
                              "tagName": "a",
                              "type": "element",
                            },
                          ],
                          "properties": {
                            "className": [
                              "toc-level-3",
                            ],
                          },
                          "tagName": "li",
                          "type": "element",
                        },
                      ],
                      "properties": {
                        "className": [
                          "toc",
                        ],
                      },
                      "tagName": "ul",
                      "type": "element",
                    },
                  ],
                  "properties": {
                    "className": [
                      "toc-level-2",
                    ],
                  },
                  "tagName": "li",
                  "type": "element",
                },
              ],
              "properties": {
                "className": [
                  "toc",
                ],
              },
              "tagName": "ul",
              "type": "element",
            },
          ],
          "properties": {
            "className": [
              "toc-level-1",
            ],
          },
          "tagName": "li",
          "type": "element",
        },
      ],
      "properties": {
        "className": [
          "toc",
        ],
      },
      "tagName": "ul",
      "type": "element",
    },
  ],
  "type": "root",
}
`;

exports[`Table of content html string check 1`] = `"<ul class="toc"><li class="toc-level-1"><a href="#this-is-a-header">This is a header</a><ul class="toc"><li class="toc-level-2"><a href="#this-is-a-gfm-test">This is a gfm test</a><ul class="toc"><li class="toc-level-3"><a href="#this-is-a-test">This is a test</a></li></ul></li><li class="toc-level-2"><a href="#this-is-a-test-1">This is a test</a><ul class="toc"><li class="toc-level-3"><a href="#this-is-a-test-2">This is a test</a></li></ul></li></ul></li></ul>"`;

exports[`toc 1`] = `
{
  "children": [
    {
      "children": [
        {
          "children": [
            {
              "children": [
                {
                  "type": "text",
                  "value": "This is a header",
                },
              ],
              "properties": {
                "href": "#this-is-a-header",
              },
              "tagName": "a",
              "type": "element",
            },
            {
              "children": [
                {
                  "children": [
                    {
                      "children": [
                        {
                          "type": "text",
                          "value": "This is a gfm test",
                        },
                      ],
                      "properties": {
                        "href": "#this-is-a-gfm-test",
                      },
                      "tagName": "a",
                      "type": "element",
                    },
                    {
                      "children": [
                        {
                          "children": [
                            {
                              "children": [
                                {
                                  "type": "text",
                                  "value": "This is a test",
                                },
                              ],
                              "properties": {
                                "href": "#this-is-a-test",
                              },
                              "tagName": "a",
                              "type": "element",
                            },
                          ],
                          "properties": {
                            "className": [
                              "toc-level-3",
                            ],
                          },
                          "tagName": "li",
                          "type": "element",
                        },
                      ],
                      "properties": {
                        "className": [
                          "toc",
                        ],
                      },
                      "tagName": "ul",
                      "type": "element",
                    },
                  ],
                  "properties": {
                    "className": [
                      "toc-level-2",
                    ],
                  },
                  "tagName": "li",
                  "type": "element",
                },
                {
                  "children": [
                    {
                      "children": [
                        {
                          "type": "text",
                          "value": "This is a test",
                        },
                      ],
                      "properties": {
                        "href": "#this-is-a-test-1",
                      },
                      "tagName": "a",
                      "type": "element",
                    },
                    {
                      "children": [
                        {
                          "children": [
                            {
                              "children": [
                                {
                                  "type": "text",
                                  "value": "This is a test",
                                },
                              ],
                              "properties": {
                                "href": "#this-is-a-test-2",
                              },
                              "tagName": "a",
                              "type": "element",
                            },
                          ],
                          "properties": {
                            "className": [
                              "toc-level-3",
                            ],
                          },
                          "tagName": "li",
                          "type": "element",
                        },
                      ],
                      "properties": {
                        "className": [
                          "toc",
                        ],
                      },
                      "tagName": "ul",
                      "type": "element",
                    },
                  ],
                  "properties": {
                    "className": [
                      "toc-level-2",
                    ],
                  },
                  "tagName": "li",
                  "type": "element",
                },
              ],
              "properties": {
                "className": [
                  "toc",
                ],
              },
              "tagName": "ul",
              "type": "element",
            },
          ],
          "properties": {
            "className": [
              "toc-level-1",
            ],
          },
          "tagName": "li",
          "type": "element",
        },
      ],
      "properties": {
        "className": [
          "toc",
        ],
      },
      "tagName": "ul",
      "type": "element",
    },
  ],
  "type": "root",
}
`;
